RAM Allocation [bytes]
Variable                                                                          Address   Size
------------------------------------------------------------------------------------------------
pressed                                                                           0x03BE      18
_base_y                                                                           0x03D0       4
_seed                                                                             0x03D4       4

EEPROM Allocation [bytes]
Variable                                                                          Address   Size
------------------------------------------------------------------------------------------------

Register Allocation
Variable                                                                          Register  Size
------------------------------------------------------------------------------------------------
c                                                                                 R4,R5        2
player                                                                            R2.0      1bit
_lcd_x                                                                            R7           1
_lcd_y                                                                            R6           1
_lcd_maxx                                                                         R9           1

FLASH Allocation [words]
Function                                                                          Address   Size
------------------------------------------------------------------------------------------------
read_key                                                                          0x00106     90
check_key                                                                         0x00160     45
clear                                                                             0x0018D     56
main                                                                              0x001C5    734
_lcd_write_nibble_G100                                                            0x004A3     20
_lcd_write_data                                                                   0x004B7     12
lcd_gotoxy                                                                        0x004C3     13
lcd_clear                                                                         0x004D0     12
lcd_putchar                                                                       0x004DC     21
lcd_puts                                                                          0x004F1     17
lcd_init                                                                          0x00502     46
put_buff_G101                                                                     0x00530     64
_print_G101                                                                       0x00570    308
sprintf                                                                           0x006A4     52
rand                                                                              0x006D8     29
strlen                                                                            0x006F5     12
strlenf                                                                           0x00701     13
